2026-02-10 13:08:49,673 [INFO] Login attempt for user: silo@gmail.com
2026-02-10 13:08:49,678 [WARNING] Failed login attempt for user: silo@gmail.com
2026-02-10 13:08:55,554 [INFO] Login attempt for user: silo@gmail.com
2026-02-10 13:08:55,555 [WARNING] Failed login attempt for user: silo@gmail.com
2026-02-10 13:11:47,398 [INFO] Login attempt for user: silo@gmail.com
2026-02-10 13:11:47,405 [WARNING] Failed login attempt for user: silo@gmail.com
2026-02-10 13:12:12,837 [INFO] Registration attempt for email: siloo@gmail.com
2026-02-10 13:12:12,842 [WARNING] (trapped) error reading bcrypt version
Traceback (most recent call last):
  File "C:\Users\Think\AppData\Roaming\Python\Python312\site-packages\passlib\handlers\bcrypt.py", line 620, in _load_backend_mixin
    version = _bcrypt.__about__.__version__
              ^^^^^^^^^^^^^^^^^
AttributeError: module 'bcrypt' has no attribute '__about__'
2026-02-10 13:14:51,636 [INFO] Registration attempt for email: siloo@gmail.com
2026-02-10 13:14:51,886 [INFO] New user registered successfully: siloo@gmail.com
2026-02-10 13:15:16,863 [INFO] Registration attempt for email: siloo@gmail.com
2026-02-10 13:15:16,863 [WARNING] Registration failed - Email already exists: siloo@gmail.com
2026-02-10 13:15:35,198 [INFO] Login attempt for user: siloo@gmail.com
2026-02-10 13:15:35,417 [INFO] Successful login for user: siloo@gmail.com
2026-02-10 14:41:19,894 [INFO] Login attempt for user: admin@silofortune.com
2026-02-10 14:41:20,135 [INFO] Successful login for user: admin@silofortune.com
2026-02-10 14:41:49,296 [INFO] Login attempt for user: admin@silofortune.com
2026-02-10 14:41:49,522 [INFO] Successful login for user: admin@silofortune.com
2026-02-10 14:44:59,717 [INFO] Login attempt for user: admin@silofortune.com
2026-02-10 14:44:59,935 [INFO] Successful login for user: admin@silofortune.com
2026-02-10 14:58:31,962 [INFO] Login attempt for user: admin@silofortune.com
2026-02-10 14:58:32,172 [INFO] Successful login for user: admin@silofortune.com
2026-02-10 15:02:14,655 [INFO] Login attempt for user: admin@silofortune.com
2026-02-10 15:02:14,885 [INFO] Successful login for user: admin@silofortune.com
2026-02-10 15:04:48,918 [INFO] Login attempt for user: admin@silofortune.com
2026-02-10 15:04:49,130 [INFO] Successful login for user: admin@silofortune.com
2026-02-10 16:24:39,251 [INFO] Login attempt for user: admin@silofortune.com
2026-02-10 16:24:39,490 [INFO] Successful login for user: admin@silofortune.com
2026-02-10 16:37:45,915 [INFO] Login attempt for user: admin@silofortune.com
2026-02-10 16:37:46,144 [INFO] Successful login for user: admin@silofortune.com
2026-02-10 17:11:17,141 [INFO] Login attempt for user: admin@silofortune.com
2026-02-10 17:11:17,374 [WARNING] Failed login attempt for user: admin@silofortune.com
2026-02-10 17:11:19,908 [INFO] Login attempt for user: admin@silofortune.com
2026-02-10 17:11:20,120 [INFO] Successful login for user: admin@silofortune.com
2026-02-11 15:26:47,090 [INFO] Login attempt for user: admin@silofortune.com
2026-02-11 15:26:47,337 [INFO] Successful login for user: admin@silofortune.com
2026-02-12 11:41:12,767 [INFO] Login attempt for user: admin@silofortune.com
2026-02-12 11:41:13,001 [INFO] Successful login for user: admin@silofortune.com
2026-02-12 12:20:25,036 [INFO] Login attempt for user: admin@silofortune.com
2026-02-12 12:20:25,274 [INFO] Successful login for user: admin@silofortune.com
2026-02-12 12:30:12,683 [INFO] Login attempt for user: admin@silofortune.com
2026-02-12 12:30:12,899 [INFO] Successful login for user: admin@silofortune.com
2026-02-12 12:31:56,206 [INFO] Login attempt for user: admin@silofortune.com
2026-02-12 12:31:56,424 [INFO] Successful login for user: admin@silofortune.com
2026-02-12 14:42:56,345 [INFO] New contact message from: verify@silofortune.com
2026-02-12 14:47:10,245 [INFO] New contact message from: abc@gmail.com
2026-02-12 15:08:46,587 [INFO] Login attempt for user: siloo@gmail.com
2026-02-12 15:08:46,819 [WARNING] Failed login attempt for user: siloo@gmail.com
2026-02-12 15:09:17,410 [INFO] Login attempt for user: siloo@gmail.com
2026-02-12 15:09:17,621 [WARNING] Failed login attempt for user: siloo@gmail.com
2026-02-12 15:09:45,973 [INFO] Registration attempt for email: siloo@gmail.com
2026-02-12 15:09:45,975 [WARNING] Registration failed - Email already exists: siloo@gmail.com
2026-02-12 15:10:02,123 [INFO] Registration attempt for email: siloo1@gmail.com
2026-02-12 15:10:02,341 [INFO] New user registered successfully: siloo1@gmail.com
2026-02-12 15:10:17,159 [INFO] Registration attempt for email: siloo1@gmail.com
2026-02-12 15:10:17,161 [WARNING] Registration failed - Email already exists: siloo1@gmail.com
2026-02-12 15:10:33,962 [INFO] Login attempt for user: siloo1@gmail.com
2026-02-12 15:10:34,172 [INFO] Successful login for user: siloo1@gmail.com
2026-02-12 15:16:11,163 [INFO] Login attempt for user: siloo1@gmail.com
2026-02-12 15:16:11,374 [INFO] Successful login for user: siloo1@gmail.com
2026-02-12 15:18:03,099 [INFO] Login attempt for user: admin@silofortune.com
2026-02-12 15:18:03,309 [WARNING] Failed login attempt for user: admin@silofortune.com
2026-02-12 15:18:10,810 [INFO] Login attempt for user: admin@silofortune.com
2026-02-12 15:18:11,021 [INFO] Successful login for user: admin@silofortune.com
2026-02-13 11:37:02,216 [INFO] Login attempt for user: admin@silofortune.com
2026-02-13 11:37:02,461 [WARNING] Failed login attempt for user: admin@silofortune.com
2026-02-13 11:37:04,130 [INFO] Login attempt for user: admin@silofortune.com
2026-02-13 11:37:04,345 [WARNING] Failed login attempt for user: admin@silofortune.com
2026-02-13 11:37:06,915 [INFO] Login attempt for user: admin@silofortune.com
2026-02-13 11:37:07,131 [INFO] Successful login for user: admin@silofortune.com
2026-02-13 12:51:20,864 [INFO] Login attempt for user: admin@silofortune.com
2026-02-13 12:51:21,080 [INFO] Successful login for user: admin@silofortune.com
2026-02-13 13:18:33,053 [INFO] Login attempt for user: admin@silofortune.com
2026-02-13 13:18:33,264 [INFO] Successful login for user: admin@silofortune.com
2026-02-13 14:27:24,744 [INFO] Login attempt for user: admin@silofortune.com
2026-02-13 14:27:24,974 [INFO] Successful login for user: admin@silofortune.com
2026-02-13 15:01:45,682 [INFO] Login attempt for user: admin@silofortune.com
2026-02-13 15:01:45,913 [INFO] Successful login for user: admin@silofortune.com
2026-02-13 15:08:16,510 [INFO] Login attempt for user: admin@silofortune.com
2026-02-13 15:08:16,746 [INFO] Successful login for user: admin@silofortune.com
2026-02-13 15:09:34,963 [INFO] Login attempt for user: admin@silofortune.com
2026-02-13 15:09:35,177 [INFO] Successful login for user: admin@silofortune.com
2026-02-13 15:15:14,888 [INFO] Login attempt for user: admin@silofortune.com
2026-02-13 15:15:15,162 [INFO] Successful login for user: admin@silofortune.com
2026-02-13 15:47:56,860 [INFO] Login attempt for user: admin@silofortune.com
2026-02-13 15:47:57,094 [INFO] Successful login for user: admin@silofortune.com
